[1m

                [38;5;069m(((((((((    [38;5;203m((((([38;5;220m####
             [38;5;069m((((((((((((([38;5;203m((((((((([38;5;220m#########
           [38;5;069m((((((((((((([38;5;203m((((((((((([38;5;220m###########
         [38;5;069m(((((((((((((([38;5;203m(((((((((((([38;5;220m############
        [38;5;069m((((((((((((([38;5;203m(((((((((((((([38;5;220m#############
        [38;5;069m((((((((((((([38;5;203m(((((((((((((([38;5;220m#############
         [38;5;069m(((((((((((([38;5;203m((((((((((((([38;5;220m##############
         [38;5;069m(((((((((((([38;5;203m(((((((((((([38;5;220m##############
           [38;5;069m(((((((((([38;5;203m((((((((((([38;5;220m#############
             [38;5;069m(((((((([38;5;203m(((((((([38;5;220m##############
                [38;5;069m((((([38;5;203m((((    [38;5;220m#########[0m

    
[1m
Running Chroma
[0m
Saving data to: ./chroma_data
Connect to chroma at: http://0.0.0.0:8001
Getting started guide: https://docs.trychroma.com/getting-started


WARNING:  [26-05-2026 13:56:24] chroma_server_nofile is not supported on Windows. chroma_server_nofile will not be set.
INFO:     [26-05-2026 13:56:25] Anonymized telemetry enabled. See                     https://docs.trychroma.com/telemetry for more information.
DEBUG:    [26-05-2026 13:56:25] Starting component System
DEBUG:    [26-05-2026 13:56:25] Starting component OpenTelemetryClient
DEBUG:    [26-05-2026 13:56:25] Starting component SqliteDB
DEBUG:    [26-05-2026 13:56:26] Starting component SimpleQuotaEnforcer
DEBUG:    [26-05-2026 13:56:26] Starting component Posthog
DEBUG:    [26-05-2026 13:56:26] Starting component SimpleRateLimitEnforcer
DEBUG:    [26-05-2026 13:56:26] Starting component LocalSegmentManager
DEBUG:    [26-05-2026 13:56:26] Starting component LocalExecutor
DEBUG:    [26-05-2026 13:56:26] Starting component SegmentAPI
ERROR:    [26-05-2026 13:56:26] Failed to send telemetry event ServerStartEvent: capture() takes 1 positional argument but 3 were given
INFO:     [26-05-2026 13:56:26] Started server process [23572]
INFO:     [26-05-2026 13:56:26] Waiting for application startup.
INFO:     [26-05-2026 13:56:26] Application startup complete.
INFO:     [26-05-2026 13:56:26] Uvicorn running on http://0.0.0.0:8001 (Press CTRL+C to quit)
INFO:     [26-05-2026 13:56:26] 127.0.0.1:51195 - "GET /api/v1/heartbeat HTTP/1.1" 200
rn running on http://0.0.0.0:8001 (Press CTRL+C to quit)
INFO:     [26-05-2026 13:56:26] 127.0.0.1:51195 - "GET /api/v1/heartbeat HTTP/1.1" 200
